[2026-08-09T21:05:31.473Z] [INFO] [compilarLexmotor] Iniciando compilación de LexDigital {"nombreBase":"fragmento_constitucion","nombreCSS":"Lexdigital_Modular","debug":true}
[2026-08-09T21:05:31.474Z] [DEBUG] [compilarLexmotor] Opciones de configuración {"debug":true,"timeoutMs":30000,"cache":false,"validarSalida":true}
[2026-08-09T21:05:31.474Z] [INFO] [compilarLexmotor] ▶ Fase 1: Validación y Normalización JSON
[2026-08-09T21:05:31.476Z] [ERROR] [compilarLexmotor] ❌ Error en el pipeline {"error":"\"documento\" debe ser un objeto válido","tipo":"TypeError","fase":"Validación","tiempoHastaFalla":"2.57ms","stack":"TypeError: \"documento\" debe ser un objeto válido\n    at validarDocumento (H:\\LexDigital\\Recursos\\AUTOMATIZAR INDESIGN\\proyecto-lexdigital_modular\\LexDigital-Pipeline\\core\\core\\validators\\DocumentSchemaValidator.js:19:15)\n    at compilarLexmotor (H:\\LexDigital\\Recursos\\AUTOMATIZAR INDESIGN\\proyecto-lexdigital_modular\\LexDigital-Pipeline\\core\\index.js:213:9)\n    at procesarCompilacion (H:\\LexDigital\\Recursos\\AUTOMATIZAR INDESIGN\\proyecto-lexdigital_modular\\LexDigital-Pipeline\\server.js:106:29)\n    at procesarMensaje (H:\\LexDigital\\Recursos\\AUTOMATIZAR INDESIGN\\proyecto-lexdigital_modular\\LexDigital-Pipeline\\server.js:164:23)\n    at WebSocket.<anonymous> (H:\\LexDigital\\Recursos\\AUTOMATIZAR INDESIGN\\proyecto-lexdigital_modular\\LexDigital-Pipeline\\server.js:269:15)\n    at WebSocket.emit (node:events:509:28)\n    at Receiver.receiverOnMessage (H:\\LexDigital\\Recursos\\AUTOMATIZAR INDESIGN\\proyecto-lexdigital_modular\\LexDigital-Pipeline\\node_modules\\ws\\lib\\websocket.js:1239:20)\n    at Receiver.emit (node:events:509:28)\n    at Receiver.dataMessage (H:\\LexDigital\\Recursos\\AUTOMATIZAR INDESIGN\\proyecto-lexdigital_modular\\LexDigital-Pipeline\\node_modules\\ws\\lib\\receiver.js:633:14)\n    at Receiver.getData (H:\\LexDigital\\Recursos\\AUTOMATIZAR INDESIGN\\proyecto-lexdigital_modular\\LexDigital-Pipeline\\node_modules\\ws\\lib\\receiver.js:532:10)"}
[2026-08-09T21:07:27.716Z] [INFO] [compilarLexmotor] Iniciando compilación de LexDigital {"nombreBase":"fragmento_constitucion","nombreCSS":"Lexdigital_Modular","debug":true}
[2026-08-09T21:07:27.717Z] [DEBUG] [compilarLexmotor] Opciones de configuración {"debug":true,"timeoutMs":30000,"cache":false,"validarSalida":true}
[2026-08-09T21:07:27.718Z] [INFO] [compilarLexmotor] ▶ Fase 1: Validación y Normalización JSON
[2026-08-09T21:07:27.718Z] [ERROR] [compilarLexmotor] ❌ Error en el pipeline {"error":"\"documento\" debe ser un objeto válido","tipo":"TypeError","fase":"Validación","tiempoHastaFalla":"1.69ms","stack":"TypeError: \"documento\" debe ser un objeto válido\n    at validarDocumento (H:\\LexDigital\\Recursos\\AUTOMATIZAR INDESIGN\\proyecto-lexdigital_modular\\LexDigital-Pipeline\\core\\core\\validators\\DocumentSchemaValidator.js:19:15)\n    at compilarLexmotor (H:\\LexDigital\\Recursos\\AUTOMATIZAR INDESIGN\\proyecto-lexdigital_modular\\LexDigital-Pipeline\\core\\index.js:213:9)\n    at procesarCompilacion (H:\\LexDigital\\Recursos\\AUTOMATIZAR INDESIGN\\proyecto-lexdigital_modular\\LexDigital-Pipeline\\server.js:106:29)\n    at procesarMensaje (H:\\LexDigital\\Recursos\\AUTOMATIZAR INDESIGN\\proyecto-lexdigital_modular\\LexDigital-Pipeline\\server.js:164:23)\n    at WebSocket.<anonymous> (H:\\LexDigital\\Recursos\\AUTOMATIZAR INDESIGN\\proyecto-lexdigital_modular\\LexDigital-Pipeline\\server.js:269:15)\n    at WebSocket.emit (node:events:509:28)\n    at Receiver.receiverOnMessage (H:\\LexDigital\\Recursos\\AUTOMATIZAR INDESIGN\\proyecto-lexdigital_modular\\LexDigital-Pipeline\\node_modules\\ws\\lib\\websocket.js:1239:20)\n    at Receiver.emit (node:events:509:28)\n    at Receiver.dataMessage (H:\\LexDigital\\Recursos\\AUTOMATIZAR INDESIGN\\proyecto-lexdigital_modular\\LexDigital-Pipeline\\node_modules\\ws\\lib\\receiver.js:633:14)\n    at Receiver.getData (H:\\LexDigital\\Recursos\\AUTOMATIZAR INDESIGN\\proyecto-lexdigital_modular\\LexDigital-Pipeline\\node_modules\\ws\\lib\\receiver.js:532:10)"}
[2026-08-09T21:29:43.125Z] [INFO] [compilarLexmotor] Iniciando compilación de LexDigital {"nombreBase":"fixture-compile","nombreCSS":"Lexdigital_Modular","debug":true}
[2026-08-09T21:29:43.125Z] [DEBUG] [compilarLexmotor] Opciones de configuración {"debug":true,"timeoutMs":30000,"cache":false,"validarSalida":true}
[2026-08-09T21:29:43.126Z] [INFO] [compilarLexmotor] ▶ Fase 1: Validación y Normalización JSON
[2026-08-09T21:29:43.127Z] [INFO] [compilarLexmotor] ✓ Fase 1 completa {"tokens":3,"duracion":"0.53ms"}
[2026-08-09T21:29:43.128Z] [INFO] [compilarLexmotor] ▶ Fase 2: Aplicación de Reglas Jurídicas
[2026-08-09T21:29:43.131Z] [INFO] [compilarLexmotor] ✓ Fase 2 completa {"tokensClasificados":3,"duracion":"2.27ms"}
[2026-08-09T21:29:43.131Z] [INFO] [compilarLexmotor] ▶ Fase 3: Construcción de Estructura XHTML
[2026-08-09T21:29:43.133Z] [INFO] [compilarLexmotor] ✓ Fase 3 completa {"tamanioHTML":"0.77KB","duracion":"0.87ms"}
[2026-08-09T21:29:43.134Z] [INFO] [compilarLexmotor] ▶ Fase 4: Post-Procesamiento DOM
[2026-08-09T21:29:43.134Z] [INFO] [compilarLexmotor] ✓ Fase 4 completa {"tamanioXHTML":"0.77KB","duracion":"0.10ms"}
[2026-08-09T21:29:43.135Z] [INFO] [compilarLexmotor] Validando salida final...
[2026-08-09T21:29:43.135Z] [DEBUG] [compilarLexmotor] ✓ Validación de salida exitosa
[2026-08-09T21:29:43.136Z] [INFO] [compilarLexmotor] ✅ Pipeline completado exitosamente {"tiempoTotal":"11.25ms","velocidad":"266.57 elementos/seg"}
